<?xml version="1.0" encoding="UTF-8"?>
<testsuites name="Mocha Tests" time="1.505" tests="12" failures="0">
  <testsuite name="Root Suite" timestamp="2025-12-08T12:49:47" tests="0" time="0.000" failures="0">
  </testsuite>
  <testsuite name="API Integration Tests" timestamp="2025-12-08T12:49:47" tests="0" file="D:\Sanskar\Learn\Jenkins\01_app\test\api.test.js" time="0.000" failures="0">
  </testsuite>
  <testsuite name="GET /health" timestamp="2025-12-08T12:49:47" tests="1" file="D:\Sanskar\Learn\Jenkins\01_app\test\api.test.js" time="0.054" failures="0">
    <testcase name="API Integration Tests GET /health should return 200 OK" time="0.050" classname="should return 200 OK">
    </testcase>
  </testsuite>
  <testsuite name="GET /api/articles" timestamp="2025-12-08T12:49:48" tests="1" file="D:\Sanskar\Learn\Jenkins\01_app\test\api.test.js" time="0.013" failures="0">
    <testcase name="API Integration Tests GET /api/articles should return a list of articles" time="0.012" classname="should return a list of articles">
    </testcase>
  </testsuite>
  <testsuite name="POST /api/users/login" timestamp="2025-12-08T12:49:48" tests="4" file="D:\Sanskar\Learn\Jenkins\01_app\test\api.test.js" time="0.063" failures="0">
    <testcase name="API Integration Tests POST /api/users/login should login successfully with correct credentials" time="0.032" classname="should login successfully with correct credentials">
    </testcase>
    <testcase name="API Integration Tests POST /api/users/login should fail with incorrect credentials" time="0.009" classname="should fail with incorrect credentials">
    </testcase>
    <testcase name="API Integration Tests POST /api/users/login should fail with correct email but wrong password" time="0.009" classname="should fail with correct email but wrong password">
    </testcase>
    <testcase name="API Integration Tests POST /api/users/login should fail when user object is missing" time="0.009" classname="should fail when user object is missing">
    </testcase>
  </testsuite>
  <testsuite name="Error Handling" timestamp="2025-12-08T12:49:48" tests="2" file="D:\Sanskar\Learn\Jenkins\01_app\test\api.test.js" time="0.018" failures="0">
    <testcase name="API Integration Tests Error Handling should return 404 for non-existent routes" time="0.007" classname="should return 404 for non-existent routes">
    </testcase>
    <testcase name="API Integration Tests Error Handling should handle malformed JSON" time="0.009" classname="should handle malformed JSON">
    </testcase>
  </testsuite>
  <testsuite name="Items API Integration Tests" timestamp="2025-12-08T12:49:48" tests="0" file="D:\Sanskar\Learn\Jenkins\01_app\test\items.test.js" time="0.000" failures="0">
  </testsuite>
  <testsuite name="GET /api/items" timestamp="2025-12-08T12:49:48" tests="2" file="D:\Sanskar\Learn\Jenkins\01_app\test\items.test.js" time="0.506" failures="0">
    <testcase name="Items API Integration Tests GET /api/items should return an empty array when no items exist" time="0.044" classname="should return an empty array when no items exist">
    </testcase>
    <testcase name="Items API Integration Tests GET /api/items should return a list of items" time="0.145" classname="should return a list of items">
    </testcase>
  </testsuite>
  <testsuite name="POST /api/items" timestamp="2025-12-08T12:49:49" tests="2" file="D:\Sanskar\Learn\Jenkins\01_app\test\items.test.js" time="0.191" failures="0">
    <testcase name="Items API Integration Tests POST /api/items should create a new item" time="0.072" classname="should create a new item">
    </testcase>
    <testcase name="Items API Integration Tests POST /api/items should fail if name is missing" time="0.010" classname="should fail if name is missing">
    </testcase>
  </testsuite>
</testsuites>